00:36:23.517 [main] INFO  - Goto my account-->Click on Login.. 
00:36:24.632 [main] INFO  - Entering email and password.. 
00:36:25.352 [main] INFO  - clicked on login button...
00:39:26.785 [main] INFO  - Goto my account-->Click on Login.. 
00:39:28.029 [main] INFO  - Entering email and password.. 
00:39:31.377 [main] INFO  - clicked on login button...
17:02:22.426 [main] INFO  - Goto Home page -->Click on Login/Signup.. 
17:02:25.949 [main] INFO  - Enters already registred email
17:06:23.517 [main] INFO  - Goto my account-->Click on Login.. 
17:06:26.651 [main] INFO  - Entering email and password.. 
17:06:29.363 [main] INFO  - clicked on login button...
17:08:56.617 [main] INFO  - Goto Home page -->Click on Login/Signup.. 
17:16:33.594 [main] INFO  - Goto Home page -->Click on Login/Signup.. 
17:16:36.059 [main] INFO  - Enters already registered email
17:16:36.302 [main] INFO  - Clicked SignUp
17:43:58.308 [main] INFO  - Goto Home page -->Click on Login/Signup.. 
17:44:00.235 [main] INFO  - Enters already registered email
17:44:01.889 [main] INFO  - Clicked SignUp
18:06:46.139 [main] INFO  - Goto Home page -->Click on Login/Signup.. 
18:06:48.708 [main] INFO  - Enters already registered email
18:06:50.323 [main] INFO  - Clicked SignUp
18:08:10.234 [main] INFO  - Goto Home page -->Click on Login/Signup.. 
18:08:13.105 [main] INFO  - Enters already registered email
18:08:13.736 [main] INFO  - Clicked SignUp
18:08:21.879 [main] INFO  - Goto Home page -->Click on Login/Signup.. 
18:20:36.972 [main] INFO  - Goto Home page -->Click on Login/Signup.. 
18:20:39.201 [main] INFO  - Enters already registered email
18:20:41.823 [main] INFO  - Clicked SignUp
18:20:46.413 [main] INFO  - Goto Home page -->Click on Login/Signup.. 
18:20:47.655 [main] INFO  - Enters new eamil
18:20:48.250 [main] INFO  - Clicked SignUp
18:31:31.467 [main] INFO  - Goto Home page -->Click on Login/Signup.. 
18:31:33.428 [main] INFO  - Enters already registered email
18:31:35.097 [main] INFO  - Clicked SignUp
18:31:39.446 [main] INFO  - Goto Home page -->Click on Login/Signup.. 
18:31:41.266 [main] INFO  - Enters new eamil
18:31:41.906 [main] INFO  - Clicked SignUp
18:32:43.646 [main] INFO  - Goto Home page -->Click on Login/Signup.. 
18:32:46.586 [main] INFO  - Enters already registered email
18:32:47.232 [main] INFO  - Clicked SignUp
18:32:54.420 [main] INFO  - Goto Home page -->Click on Login/Signup.. 
18:32:57.016 [main] INFO  - Enters new eamil
18:33:00.496 [main] INFO  - Clicked SignUp
